
> password-generator@1.0.0 test
> mocha --require @babel/register --reporter mocha-junit-reporter test/**/*.js --reporter mocha-junit-reporter

